Status Code: 404
Error: 



Error


Cannot DELETE /api/activities/individual



